2025-07-25 19:54:00.610 [main] INFO  com.dreampass.server.AppStarter - Starting AppStarter using Java 21.0.5 with PID 39552 (/Users/limiao/project/DreamPass/server/target/classes started by limiao in /Users/limiao/project/DreamPass)
2025-07-25 19:54:00.626 [main] DEBUG com.dreampass.server.AppStarter - Running with Spring Boot v3.2.5, Spring v6.1.10
2025-07-25 19:54:00.628 [main] INFO  com.dreampass.server.AppStarter - No active profile set, falling back to 1 default profile: "default"
2025-07-25 19:54:01.494 [main] INFO  org.springframework.boot.web.embedded.tomcat.TomcatWebServer - Tomcat initialized with port 8443 (http)
2025-07-25 19:54:01.518 [main] INFO  org.apache.coyote.http11.Http11NioProtocol - Initializing ProtocolHandler ["http-nio-8443"]
2025-07-25 19:54:01.521 [main] INFO  org.apache.catalina.core.StandardService - Starting service [Tomcat]
2025-07-25 19:54:01.522 [main] INFO  org.apache.catalina.core.StandardEngine - Starting Servlet engine: [Apache Tomcat/10.1.20]
2025-07-25 19:54:01.570 [main] INFO  org.apache.catalina.core.ContainerBase.[Tomcat].[localhost].[/] - Initializing Spring embedded WebApplicationContext
2025-07-25 19:54:01.571 [main] INFO  org.springframework.boot.web.servlet.context.ServletWebServerApplicationContext - Root WebApplicationContext: initialization completed in 906 ms
2025-07-25 19:54:01.695 [main] WARN  org.springframework.boot.autoconfigure.security.servlet.UserDetailsServiceAutoConfiguration - 

Using generated security password: 2bb35a17-aa00-4e4d-b242-bc1303d9a7cf

This generated password is for development use only. Your security configuration must be updated before running your application in production.

2025-07-25 19:54:01.715 [main] INFO  org.springframework.security.config.annotation.authentication.configuration.InitializeUserDetailsBeanManagerConfigurer$InitializeUserDetailsManagerConfigurer - Global AuthenticationManager configured with UserDetailsService bean with name inMemoryUserDetailsManager
2025-07-25 19:54:02.017 [main] INFO  org.apache.coyote.http11.Http11NioProtocol - Starting ProtocolHandler ["http-nio-8443"]
2025-07-25 19:54:02.039 [main] INFO  org.springframework.boot.web.embedded.tomcat.TomcatWebServer - Tomcat started on port 8443 (http) with context path ''
2025-07-25 19:54:02.050 [main] INFO  com.dreampass.server.AppStarter - Started AppStarter in 1.774 seconds (process running for 2.697)
2025-07-25 19:54:22.311 [http-nio-8443-exec-1] INFO  org.apache.catalina.core.ContainerBase.[Tomcat].[localhost].[/] - Initializing Spring DispatcherServlet 'dispatcherServlet'
2025-07-25 19:54:22.311 [http-nio-8443-exec-1] INFO  org.springframework.web.servlet.DispatcherServlet - Initializing Servlet 'dispatcherServlet'
2025-07-25 19:54:22.312 [http-nio-8443-exec-1] INFO  org.springframework.web.servlet.DispatcherServlet - Completed initialization in 0 ms
2025-07-25 19:54:22.438 [http-nio-8443-exec-1] DEBUG com.dreampass.user.controller.UserController - user:UserDo(name=Add your name in the body, password=46373fac-28d5-43f6-86de-2d86167703a9)
2025-07-25 19:54:22.549 [http-nio-8443-exec-1] INFO  com.dreampass.user.service.UserService - 加密后密码:$2a$10$9XMH6Cq6KJ5jH7.PW8jyq.Hu4dmApfCPZiK.4pBews1Jdr9JgXYhe
2025-07-25 19:54:22.659 [http-nio-8443-exec-1] INFO  com.dreampass.user.service.UserService - 密码是否一致:true
2025-07-25 20:12:37.161 [main] INFO  com.dreampass.server.AppStarter - Starting AppStarter using Java 21.0.5 with PID 39915 (/Users/limiao/project/DreamPass/server/target/classes started by limiao in /Users/limiao/project/DreamPass)
2025-07-25 20:12:37.169 [main] DEBUG com.dreampass.server.AppStarter - Running with Spring Boot v3.2.5, Spring v6.1.10
2025-07-25 20:12:37.170 [main] INFO  com.dreampass.server.AppStarter - No active profile set, falling back to 1 default profile: "default"
2025-07-25 20:12:38.035 [main] INFO  org.springframework.boot.web.embedded.tomcat.TomcatWebServer - Tomcat initialized with port 8443 (http)
2025-07-25 20:12:38.049 [main] INFO  org.apache.coyote.http11.Http11NioProtocol - Initializing ProtocolHandler ["http-nio-8443"]
2025-07-25 20:12:38.051 [main] INFO  org.apache.catalina.core.StandardService - Starting service [Tomcat]
2025-07-25 20:12:38.051 [main] INFO  org.apache.catalina.core.StandardEngine - Starting Servlet engine: [Apache Tomcat/10.1.20]
2025-07-25 20:12:38.100 [main] INFO  org.apache.catalina.core.ContainerBase.[Tomcat].[localhost].[/] - Initializing Spring embedded WebApplicationContext
2025-07-25 20:12:38.100 [main] INFO  org.springframework.boot.web.servlet.context.ServletWebServerApplicationContext - Root WebApplicationContext: initialization completed in 883 ms
2025-07-25 20:12:38.210 [main] WARN  org.springframework.boot.autoconfigure.security.servlet.UserDetailsServiceAutoConfiguration - 

Using generated security password: 5b343def-2d6e-49d6-9966-fb01521f9a7e

This generated password is for development use only. Your security configuration must be updated before running your application in production.

2025-07-25 20:12:38.229 [main] INFO  org.springframework.security.config.annotation.authentication.configuration.InitializeUserDetailsBeanManagerConfigurer$InitializeUserDetailsManagerConfigurer - Global AuthenticationManager configured with UserDetailsService bean with name inMemoryUserDetailsManager
2025-07-25 20:12:38.521 [main] INFO  org.apache.coyote.http11.Http11NioProtocol - Starting ProtocolHandler ["http-nio-8443"]
2025-07-25 20:12:38.542 [main] INFO  org.springframework.boot.web.embedded.tomcat.TomcatWebServer - Tomcat started on port 8443 (http) with context path ''
2025-07-25 20:12:38.552 [main] INFO  com.dreampass.server.AppStarter - Started AppStarter in 1.737 seconds (process running for 2.664)
2025-07-25 20:12:44.814 [http-nio-8443-exec-1] INFO  org.apache.catalina.core.ContainerBase.[Tomcat].[localhost].[/] - Initializing Spring DispatcherServlet 'dispatcherServlet'
2025-07-25 20:12:44.814 [http-nio-8443-exec-1] INFO  org.springframework.web.servlet.DispatcherServlet - Initializing Servlet 'dispatcherServlet'
2025-07-25 20:12:44.815 [http-nio-8443-exec-1] INFO  org.springframework.web.servlet.DispatcherServlet - Completed initialization in 1 ms
2025-07-25 20:12:44.917 [http-nio-8443-exec-1] DEBUG com.dreampass.user.controller.UserController - user:UserDo(name=Add your name in the body, password=46373fac-28d5-43f6-86de-2d86167703a9)
2025-07-25 20:12:45.030 [http-nio-8443-exec-1] INFO  com.dreampass.user.service.UserService - 加密后密码:$2a$10$YHNadYEMdAQv7EVdV9Yswe6fvggxh8vdZWYnuJKVRtvCHcIf3aPOq
2025-07-25 20:12:45.136 [http-nio-8443-exec-1] DEBUG com.dreampass.user.service.UserService - 密码是否一致:true
2025-07-25 20:14:57.822 [main] INFO  com.dreampass.server.AppStarter - Starting AppStarter using Java 21.0.5 with PID 39995 (/Users/limiao/project/DreamPass/server/target/classes started by limiao in /Users/limiao/project/DreamPass)
2025-07-25 20:14:57.830 [main] INFO  com.dreampass.server.AppStarter - No active profile set, falling back to 1 default profile: "default"
2025-07-25 20:14:58.649 [main] INFO  org.springframework.boot.web.embedded.tomcat.TomcatWebServer - Tomcat initialized with port 8443 (http)
2025-07-25 20:14:58.664 [main] INFO  org.apache.coyote.http11.Http11NioProtocol - Initializing ProtocolHandler ["http-nio-8443"]
2025-07-25 20:14:58.666 [main] INFO  org.apache.catalina.core.StandardService - Starting service [Tomcat]
2025-07-25 20:14:58.666 [main] INFO  org.apache.catalina.core.StandardEngine - Starting Servlet engine: [Apache Tomcat/10.1.20]
2025-07-25 20:14:58.711 [main] INFO  org.apache.catalina.core.ContainerBase.[Tomcat].[localhost].[/] - Initializing Spring embedded WebApplicationContext
2025-07-25 20:14:58.711 [main] INFO  org.springframework.boot.web.servlet.context.ServletWebServerApplicationContext - Root WebApplicationContext: initialization completed in 839 ms
2025-07-25 20:14:58.820 [main] WARN  org.springframework.boot.autoconfigure.security.servlet.UserDetailsServiceAutoConfiguration - 

Using generated security password: 6749fa77-7189-41b6-a6fd-832a2b6e8d3d

This generated password is for development use only. Your security configuration must be updated before running your application in production.

2025-07-25 20:14:58.838 [main] INFO  org.springframework.security.config.annotation.authentication.configuration.InitializeUserDetailsBeanManagerConfigurer$InitializeUserDetailsManagerConfigurer - Global AuthenticationManager configured with UserDetailsService bean with name inMemoryUserDetailsManager
2025-07-25 20:14:59.137 [main] INFO  org.apache.coyote.http11.Http11NioProtocol - Starting ProtocolHandler ["http-nio-8443"]
2025-07-25 20:14:59.155 [main] INFO  org.springframework.boot.web.embedded.tomcat.TomcatWebServer - Tomcat started on port 8443 (http) with context path ''
2025-07-25 20:14:59.163 [main] INFO  com.dreampass.server.AppStarter - Started AppStarter in 1.66 seconds (process running for 2.666)
2025-07-25 20:15:05.718 [http-nio-8443-exec-1] INFO  org.apache.catalina.core.ContainerBase.[Tomcat].[localhost].[/] - Initializing Spring DispatcherServlet 'dispatcherServlet'
2025-07-25 20:15:05.719 [http-nio-8443-exec-1] INFO  org.springframework.web.servlet.DispatcherServlet - Initializing Servlet 'dispatcherServlet'
2025-07-25 20:15:05.720 [http-nio-8443-exec-1] INFO  org.springframework.web.servlet.DispatcherServlet - Completed initialization in 1 ms
2025-07-25 20:15:05.938 [http-nio-8443-exec-1] INFO  com.dreampass.user.service.UserService - 加密后密码:$2a$10$bMEcI2eCDNXjfCgar/fdK.wMtcUdqvtnqG./BLgwrIvHn8rGFExVS
2025-07-25 21:21:21.875 [main] INFO  com.dreampass.server.AppStarter - Starting AppStarter using Java 21.0.5 with PID 40377 (/Users/limiao/project/DreamPass/server/target/classes started by limiao in /Users/limiao/project/DreamPass)
2025-07-25 21:21:21.882 [main] DEBUG com.dreampass.server.AppStarter - Running with Spring Boot v3.2.5, Spring v6.1.10
2025-07-25 21:21:21.884 [main] INFO  com.dreampass.server.AppStarter - No active profile set, falling back to 1 default profile: "default"
2025-07-25 21:21:22.720 [main] INFO  org.springframework.boot.web.embedded.tomcat.TomcatWebServer - Tomcat initialized with port 8443 (http)
2025-07-25 21:21:22.735 [main] INFO  org.apache.coyote.http11.Http11NioProtocol - Initializing ProtocolHandler ["http-nio-8443"]
2025-07-25 21:21:22.737 [main] INFO  org.apache.catalina.core.StandardService - Starting service [Tomcat]
2025-07-25 21:21:22.737 [main] INFO  org.apache.catalina.core.StandardEngine - Starting Servlet engine: [Apache Tomcat/10.1.20]
2025-07-25 21:21:22.784 [main] INFO  org.apache.catalina.core.ContainerBase.[Tomcat].[localhost].[/] - Initializing Spring embedded WebApplicationContext
2025-07-25 21:21:22.785 [main] INFO  org.springframework.boot.web.servlet.context.ServletWebServerApplicationContext - Root WebApplicationContext: initialization completed in 855 ms
2025-07-25 21:21:22.907 [main] WARN  org.springframework.boot.autoconfigure.security.servlet.UserDetailsServiceAutoConfiguration - 

Using generated security password: a71b0858-5819-407b-9119-bb6724527ebf

This generated password is for development use only. Your security configuration must be updated before running your application in production.

2025-07-25 21:21:22.925 [main] INFO  org.springframework.security.config.annotation.authentication.configuration.InitializeUserDetailsBeanManagerConfigurer$InitializeUserDetailsManagerConfigurer - Global AuthenticationManager configured with UserDetailsService bean with name inMemoryUserDetailsManager
2025-07-25 21:21:23.252 [main] INFO  org.apache.coyote.http11.Http11NioProtocol - Starting ProtocolHandler ["http-nio-8443"]
2025-07-25 21:21:23.271 [main] INFO  org.springframework.boot.web.embedded.tomcat.TomcatWebServer - Tomcat started on port 8443 (http) with context path ''
2025-07-25 21:21:23.280 [main] INFO  com.dreampass.server.AppStarter - Started AppStarter in 1.733 seconds (process running for 2.652)
2025-07-25 21:21:27.763 [http-nio-8443-exec-1] INFO  org.apache.catalina.core.ContainerBase.[Tomcat].[localhost].[/] - Initializing Spring DispatcherServlet 'dispatcherServlet'
2025-07-25 21:21:27.763 [http-nio-8443-exec-1] INFO  org.springframework.web.servlet.DispatcherServlet - Initializing Servlet 'dispatcherServlet'
2025-07-25 21:21:27.764 [http-nio-8443-exec-1] INFO  org.springframework.web.servlet.DispatcherServlet - Completed initialization in 0 ms
2025-07-25 21:21:27.868 [http-nio-8443-exec-1] DEBUG com.dreampass.user.controller.UserController - user:UserDo(name=Add your name in the body, password=46373fac-28d5-43f6-86de-2d86167703a9)
2025-07-25 21:21:27.976 [http-nio-8443-exec-1] INFO  com.dreampass.user.service.UserService - 加密后密码:$2a$10$PvyHHY6yt8bAGl64q7owvOESbUdn1E7ySXmEA.3MK8X.LdkC0WwIe
2025-07-25 21:21:28.086 [http-nio-8443-exec-1] DEBUG com.dreampass.user.service.UserService - 密码是否一致:true
